16:21:16:732  INFO 29568 --- [main] com.hmall.item.ItemApplication           : Starting ItemApplication using Java 17.0.17 on LAPTOP-ID3OAEA5 with PID 29568 (G:\program\hmall\item-service\target\classes started by aaa in G:\program\hmall)
16:21:16:735 DEBUG 29568 --- [main] com.hmall.item.ItemApplication           : Running with Spring Boot v2.7.12, Spring v5.3.27
16:21:16:736  INFO 29568 --- [main] com.hmall.item.ItemApplication           : The following 1 profile is active: "local"
16:21:17:334  INFO 29568 --- [main] o.s.cloud.context.scope.GenericScope     : BeanFactory id=16d47e7d-8a8e-3c24-b65c-14372622b52b
16:21:17:529  INFO 29568 --- [main] o.s.b.w.embedded.tomcat.TomcatWebServer  : Tomcat initialized with port(s): 8081 (http)
16:21:17:534  INFO 29568 --- [main] o.apache.catalina.core.StandardService   : Starting service [Tomcat]
16:21:17:534  INFO 29568 --- [main] org.apache.catalina.core.StandardEngine  : Starting Servlet engine: [Apache Tomcat/9.0.75]
16:21:17:630  INFO 29568 --- [main] o.a.c.c.C.[Tomcat].[localhost].[/]       : Initializing Spring embedded WebApplicationContext
16:21:17:630  INFO 29568 --- [main] w.s.c.ServletWebServerApplicationContext : Root WebApplicationContext: initialization completed in 857 ms
16:21:18:295  INFO 29568 --- [main] pertySourcedRequestMappingHandlerMapping : Mapped URL path [/v2/api-docs] onto method [springfox.documentation.swagger2.web.Swagger2ControllerWebMvc#getDocumentation(String, HttpServletRequest)]
16:21:18:535  INFO 29568 --- [main] com.alibaba.nacos.common.remote.client   : [RpcClientFactory] create a new rpc client of f4c041b8-6ff2-49d3-aa23-9402e9c85ddd
16:21:18:576  INFO 29568 --- [main] org.reflections.Reflections              : Reflections took 21 ms to scan 1 urls, producing 3 keys and 6 values 
16:21:18:592  INFO 29568 --- [main] org.reflections.Reflections              : Reflections took 7 ms to scan 1 urls, producing 4 keys and 9 values 
16:21:18:597  INFO 29568 --- [main] org.reflections.Reflections              : Reflections took 4 ms to scan 1 urls, producing 3 keys and 10 values 
16:21:18:598  WARN 29568 --- [main] org.reflections.Reflections              : given scan urls are empty. set urls in the configuration
16:21:18:603  INFO 29568 --- [main] org.reflections.Reflections              : Reflections took 5 ms to scan 1 urls, producing 1 keys and 5 values 
16:21:18:611  INFO 29568 --- [main] org.reflections.Reflections              : Reflections took 7 ms to scan 1 urls, producing 1 keys and 7 values 
16:21:18:616  INFO 29568 --- [main] org.reflections.Reflections              : Reflections took 3 ms to scan 1 urls, producing 2 keys and 8 values 
16:21:18:617  WARN 29568 --- [main] org.reflections.Reflections              : given scan urls are empty. set urls in the configuration
16:21:18:617  INFO 29568 --- [main] com.alibaba.nacos.common.remote.client   : [f4c041b8-6ff2-49d3-aa23-9402e9c85ddd] RpcClient init label, labels = {module=naming, source=sdk}
16:21:18:618  INFO 29568 --- [main] com.alibaba.nacos.common.remote.client   : [f4c041b8-6ff2-49d3-aa23-9402e9c85ddd] RpcClient init, ServerListFactory = com.alibaba.nacos.client.naming.core.ServerListManager
16:21:18:618  INFO 29568 --- [main] com.alibaba.nacos.common.remote.client   : [f4c041b8-6ff2-49d3-aa23-9402e9c85ddd] Registry connection listener to current client:com.alibaba.nacos.client.naming.remote.gprc.redo.NamingGrpcRedoService
16:21:18:619  INFO 29568 --- [main] com.alibaba.nacos.common.remote.client   : [f4c041b8-6ff2-49d3-aa23-9402e9c85ddd] Register server push request handler:com.alibaba.nacos.client.naming.remote.gprc.NamingPushRequestHandler
16:21:18:620  INFO 29568 --- [main] com.alibaba.nacos.common.remote.client   : [f4c041b8-6ff2-49d3-aa23-9402e9c85ddd] Try to connect to server on start up, server: {serverIp = '192.168.150.101', server main port = 8848}
16:21:19:345  INFO 29568 --- [main] com.alibaba.nacos.common.remote.client   : [f4c041b8-6ff2-49d3-aa23-9402e9c85ddd] Success to connect to server [192.168.150.101:8848] on start up, connectionId = 1788769277862_172.17.0.1_38176
16:21:19:346  INFO 29568 --- [com.alibaba.nacos.client.remote.worker] com.alibaba.nacos.common.remote.client   : [f4c041b8-6ff2-49d3-aa23-9402e9c85ddd] Notify connected event to listeners.
16:21:19:346  INFO 29568 --- [main] com.alibaba.nacos.common.remote.client   : [f4c041b8-6ff2-49d3-aa23-9402e9c85ddd] Register server push request handler:com.alibaba.nacos.common.remote.client.RpcClient$ConnectResetRequestHandler
16:21:19:346  INFO 29568 --- [main] com.alibaba.nacos.common.remote.client   : [f4c041b8-6ff2-49d3-aa23-9402e9c85ddd] Register server push request handler:com.alibaba.nacos.common.remote.client.RpcClient$$Lambda$915/0x0000026bcd6fd448
16:21:19:384  INFO 29568 --- [main] o.s.b.w.embedded.tomcat.TomcatWebServer  : Tomcat started on port(s): 8081 (http) with context path ''
16:21:19:394  INFO 29568 --- [main] c.a.c.n.registry.NacosServiceRegistry    : nacos registry, DEFAULT_GROUP hm-service 192.168.200.1:8081 register finished
16:21:19:579  INFO 29568 --- [main] d.s.w.p.DocumentationPluginsBootstrapper : Documentation plugins bootstrapped
16:21:19:580  INFO 29568 --- [main] d.s.w.p.DocumentationPluginsBootstrapper : Found 1 custom documentation plugin(s)
16:21:19:599  INFO 29568 --- [main] s.d.s.w.s.ApiListingReferenceScanner     : Scanning for api listing references
16:21:19:610  INFO 29568 --- [main] com.hmall.item.ItemApplication           : Started ItemApplication in 3.425 seconds (JVM running for 3.89)
16:21:19:880  INFO 29568 --- [nacos-grpc-client-executor-8] com.alibaba.nacos.common.remote.client   : [f4c041b8-6ff2-49d3-aa23-9402e9c85ddd] Receive server push request, request = NotifySubscriberRequest, requestId = 16
16:21:19:883  INFO 29568 --- [nacos-grpc-client-executor-8] com.alibaba.nacos.common.remote.client   : [f4c041b8-6ff2-49d3-aa23-9402e9c85ddd] Ack server push request, request = NotifySubscriberRequest, requestId = 16
16:21:21:052  INFO 31464 --- [main] com.hmall.item.ItemApplication           : Starting ItemApplication using Java 17.0.17 on LAPTOP-ID3OAEA5 with PID 31464 (G:\program\hmall\item-service\target\classes started by aaa in G:\program\hmall)
16:21:21:053 DEBUG 31464 --- [main] com.hmall.item.ItemApplication           : Running with Spring Boot v2.7.12, Spring v5.3.27
16:21:21:053  INFO 31464 --- [main] com.hmall.item.ItemApplication           : The following 1 profile is active: "local"
16:21:21:646  INFO 31464 --- [main] o.s.cloud.context.scope.GenericScope     : BeanFactory id=16d47e7d-8a8e-3c24-b65c-14372622b52b
16:21:21:906  INFO 31464 --- [main] o.s.b.w.embedded.tomcat.TomcatWebServer  : Tomcat initialized with port(s): 8083 (http)
16:21:21:915  INFO 31464 --- [main] o.apache.catalina.core.StandardService   : Starting service [Tomcat]
16:21:21:915  INFO 31464 --- [main] org.apache.catalina.core.StandardEngine  : Starting Servlet engine: [Apache Tomcat/9.0.75]
16:21:22:067  INFO 31464 --- [main] o.a.c.c.C.[Tomcat].[localhost].[/]       : Initializing Spring embedded WebApplicationContext
16:21:22:067  INFO 31464 --- [main] w.s.c.ServletWebServerApplicationContext : Root WebApplicationContext: initialization completed in 978 ms
16:21:22:863  INFO 31464 --- [main] pertySourcedRequestMappingHandlerMapping : Mapped URL path [/v2/api-docs] onto method [springfox.documentation.swagger2.web.Swagger2ControllerWebMvc#getDocumentation(String, HttpServletRequest)]
16:21:23:113  INFO 31464 --- [main] com.alibaba.nacos.common.remote.client   : [RpcClientFactory] create a new rpc client of 598283d0-82f0-41c8-8506-677b5e92f8cd
16:21:23:147  INFO 31464 --- [main] org.reflections.Reflections              : Reflections took 17 ms to scan 1 urls, producing 3 keys and 6 values 
16:21:23:162  INFO 31464 --- [main] org.reflections.Reflections              : Reflections took 6 ms to scan 1 urls, producing 4 keys and 9 values 
16:21:23:167  INFO 31464 --- [main] org.reflections.Reflections              : Reflections took 4 ms to scan 1 urls, producing 3 keys and 10 values 
16:21:23:168  WARN 31464 --- [main] org.reflections.Reflections              : given scan urls are empty. set urls in the configuration
16:21:23:172  INFO 31464 --- [main] org.reflections.Reflections              : Reflections took 4 ms to scan 1 urls, producing 1 keys and 5 values 
16:21:23:178  INFO 31464 --- [main] org.reflections.Reflections              : Reflections took 5 ms to scan 1 urls, producing 1 keys and 7 values 
16:21:23:185  INFO 31464 --- [main] org.reflections.Reflections              : Reflections took 6 ms to scan 1 urls, producing 2 keys and 8 values 
16:21:23:186  WARN 31464 --- [main] org.reflections.Reflections              : given scan urls are empty. set urls in the configuration
16:21:23:187  INFO 31464 --- [main] com.alibaba.nacos.common.remote.client   : [598283d0-82f0-41c8-8506-677b5e92f8cd] RpcClient init label, labels = {module=naming, source=sdk}
16:21:23:189  INFO 31464 --- [main] com.alibaba.nacos.common.remote.client   : [598283d0-82f0-41c8-8506-677b5e92f8cd] RpcClient init, ServerListFactory = com.alibaba.nacos.client.naming.core.ServerListManager
16:21:23:189  INFO 31464 --- [main] com.alibaba.nacos.common.remote.client   : [598283d0-82f0-41c8-8506-677b5e92f8cd] Registry connection listener to current client:com.alibaba.nacos.client.naming.remote.gprc.redo.NamingGrpcRedoService
16:21:23:189  INFO 31464 --- [main] com.alibaba.nacos.common.remote.client   : [598283d0-82f0-41c8-8506-677b5e92f8cd] Register server push request handler:com.alibaba.nacos.client.naming.remote.gprc.NamingPushRequestHandler
16:21:23:190  INFO 31464 --- [main] com.alibaba.nacos.common.remote.client   : [598283d0-82f0-41c8-8506-677b5e92f8cd] Try to connect to server on start up, server: {serverIp = '192.168.150.101', server main port = 8848}
16:21:23:922  INFO 31464 --- [main] com.alibaba.nacos.common.remote.client   : [598283d0-82f0-41c8-8506-677b5e92f8cd] Success to connect to server [192.168.150.101:8848] on start up, connectionId = 1788769282442_172.17.0.1_38178
16:21:23:922  INFO 31464 --- [com.alibaba.nacos.client.remote.worker] com.alibaba.nacos.common.remote.client   : [598283d0-82f0-41c8-8506-677b5e92f8cd] Notify connected event to listeners.
16:21:23:922  INFO 31464 --- [main] com.alibaba.nacos.common.remote.client   : [598283d0-82f0-41c8-8506-677b5e92f8cd] Register server push request handler:com.alibaba.nacos.common.remote.client.RpcClient$ConnectResetRequestHandler
16:21:23:923  INFO 31464 --- [main] com.alibaba.nacos.common.remote.client   : [598283d0-82f0-41c8-8506-677b5e92f8cd] Register server push request handler:com.alibaba.nacos.common.remote.client.RpcClient$$Lambda$915/0x0000023b40734958
16:21:23:961  INFO 31464 --- [main] o.s.b.w.embedded.tomcat.TomcatWebServer  : Tomcat started on port(s): 8083 (http) with context path ''
16:21:23:972  INFO 31464 --- [main] c.a.c.n.registry.NacosServiceRegistry    : nacos registry, DEFAULT_GROUP hm-service 192.168.200.1:8083 register finished
16:21:24:117  INFO 31464 --- [main] d.s.w.p.DocumentationPluginsBootstrapper : Documentation plugins bootstrapped
16:21:24:118  INFO 31464 --- [main] d.s.w.p.DocumentationPluginsBootstrapper : Found 1 custom documentation plugin(s)
16:21:24:133  INFO 31464 --- [main] s.d.s.w.s.ApiListingReferenceScanner     : Scanning for api listing references
16:21:24:142  INFO 31464 --- [main] com.hmall.item.ItemApplication           : Started ItemApplication in 3.669 seconds (JVM running for 4.149)
16:21:24:486  INFO 29568 --- [nacos-grpc-client-executor-10] com.alibaba.nacos.common.remote.client   : [f4c041b8-6ff2-49d3-aa23-9402e9c85ddd] Receive server push request, request = NotifySubscriberRequest, requestId = 18
16:21:24:489  INFO 29568 --- [nacos-grpc-client-executor-10] com.alibaba.nacos.common.remote.client   : [f4c041b8-6ff2-49d3-aa23-9402e9c85ddd] Ack server push request, request = NotifySubscriberRequest, requestId = 18
16:21:24:494  INFO 31464 --- [nacos-grpc-client-executor-9] com.alibaba.nacos.common.remote.client   : [598283d0-82f0-41c8-8506-677b5e92f8cd] Receive server push request, request = NotifySubscriberRequest, requestId = 17
16:21:24:495  INFO 31464 --- [nacos-grpc-client-executor-9] com.alibaba.nacos.common.remote.client   : [598283d0-82f0-41c8-8506-677b5e92f8cd] Ack server push request, request = NotifySubscriberRequest, requestId = 17
16:24:10:858  INFO 29568 --- [http-nio-8081-exec-1] o.a.c.c.C.[Tomcat].[localhost].[/]       : Initializing Spring DispatcherServlet 'dispatcherServlet'
16:24:10:858  INFO 29568 --- [http-nio-8081-exec-1] o.s.web.servlet.DispatcherServlet        : Initializing Servlet 'dispatcherServlet'
16:24:10:860  INFO 29568 --- [http-nio-8081-exec-1] o.s.web.servlet.DispatcherServlet        : Completed initialization in 2 ms
16:33:01:303  WARN 29568 --- [Thread-7] c.a.n.common.http.HttpClientBeanHolder   : [HttpClientBeanHolder] Start destroying common HttpClient
16:33:01:303  WARN 29568 --- [Thread-4] c.a.nacos.common.notify.NotifyCenter     : [NotifyCenter] Start destroying Publisher
16:33:01:304  WARN 29568 --- [Thread-4] c.a.nacos.common.notify.NotifyCenter     : [NotifyCenter] Destruction of the end
16:33:01:304  WARN 29568 --- [Thread-7] c.a.n.common.http.HttpClientBeanHolder   : [HttpClientBeanHolder] Destruction of the end
16:33:01:336  INFO 29568 --- [SpringApplicationShutdownHook] c.a.c.n.registry.NacosServiceRegistry    : De-registering from Nacos Server now...
16:33:01:340  INFO 29568 --- [SpringApplicationShutdownHook] c.a.c.n.registry.NacosServiceRegistry    : De-registration finished.
16:33:01:665  INFO 29568 --- [SpringApplicationShutdownHook] com.alibaba.nacos.common.remote.client   : Shutdown rpc client, set status to shutdown
16:33:01:666  INFO 29568 --- [SpringApplicationShutdownHook] com.alibaba.nacos.common.remote.client   : Shutdown client event executor java.util.concurrent.ScheduledThreadPoolExecutor@49fc0a92[Running, pool size = 2, active threads = 2, queued tasks = 0, completed tasks = 0]
16:33:01:666  INFO 29568 --- [SpringApplicationShutdownHook] com.alibaba.nacos.common.remote.client   : Close current connection 1788769277862_172.17.0.1_38176
16:33:01:667  INFO 29568 --- [nacos-grpc-client-executor-151] c.a.n.c.remote.client.grpc.GrpcClient    : [1788769277862_172.17.0.1_38176]Ignore complete event,isRunning:false,isAbandon=false
16:33:01:669  INFO 29568 --- [SpringApplicationShutdownHook] c.a.n.c.remote.client.grpc.GrpcClient    : Shutdown grpc executor java.util.concurrent.ThreadPoolExecutor@34488815[Running, pool size = 5, active threads = 0, queued tasks = 0, completed tasks = 152]
16:33:01:923  INFO 31464 --- [nacos-grpc-client-executor-155] com.alibaba.nacos.common.remote.client   : [598283d0-82f0-41c8-8506-677b5e92f8cd] Receive server push request, request = NotifySubscriberRequest, requestId = 22
16:33:01:925  INFO 31464 --- [nacos-grpc-client-executor-155] com.alibaba.nacos.common.remote.client   : [598283d0-82f0-41c8-8506-677b5e92f8cd] Ack server push request, request = NotifySubscriberRequest, requestId = 22
16:33:04:628  WARN 31464 --- [Thread-4] c.a.nacos.common.notify.NotifyCenter     : [NotifyCenter] Start destroying Publisher
16:33:04:629  WARN 31464 --- [Thread-7] c.a.n.common.http.HttpClientBeanHolder   : [HttpClientBeanHolder] Start destroying common HttpClient
16:33:04:629  WARN 31464 --- [Thread-4] c.a.nacos.common.notify.NotifyCenter     : [NotifyCenter] Destruction of the end
16:33:04:633  WARN 31464 --- [Thread-7] c.a.n.common.http.HttpClientBeanHolder   : [HttpClientBeanHolder] Destruction of the end
16:33:04:668  INFO 31464 --- [SpringApplicationShutdownHook] c.a.c.n.registry.NacosServiceRegistry    : De-registering from Nacos Server now...
16:33:04:672  INFO 31464 --- [SpringApplicationShutdownHook] c.a.c.n.registry.NacosServiceRegistry    : De-registration finished.
16:33:05:008  INFO 31464 --- [SpringApplicationShutdownHook] com.alibaba.nacos.common.remote.client   : Shutdown rpc client, set status to shutdown
16:33:05:008  INFO 31464 --- [SpringApplicationShutdownHook] com.alibaba.nacos.common.remote.client   : Shutdown client event executor java.util.concurrent.ScheduledThreadPoolExecutor@31224242[Running, pool size = 2, active threads = 2, queued tasks = 0, completed tasks = 0]
16:33:05:008  INFO 31464 --- [SpringApplicationShutdownHook] com.alibaba.nacos.common.remote.client   : Close current connection 1788769282442_172.17.0.1_38178
16:33:05:010  INFO 31464 --- [nacos-grpc-client-executor-158] c.a.n.c.remote.client.grpc.GrpcClient    : [1788769282442_172.17.0.1_38178]Ignore complete event,isRunning:false,isAbandon=false
16:33:05:011  INFO 31464 --- [SpringApplicationShutdownHook] c.a.n.c.remote.client.grpc.GrpcClient    : Shutdown grpc executor java.util.concurrent.ThreadPoolExecutor@f1ff41d[Running, pool size = 5, active threads = 0, queued tasks = 0, completed tasks = 159]
