09:57:53:581  INFO 31288 --- [main] com.hmall.cart.CartApplication           : Starting CartApplication using Java 17.0.17 on LAPTOP-ID3OAEA5 with PID 31288 (G:\program\hmall\cart-service\target\classes started by aaa in G:\program\hmall)
09:57:53:587 DEBUG 31288 --- [main] com.hmall.cart.CartApplication           : Running with Spring Boot v2.7.12, Spring v5.3.27
09:57:53:588  INFO 31288 --- [main] com.hmall.cart.CartApplication           : The following 1 profile is active: "local"
09:57:54:409  INFO 31288 --- [main] o.s.cloud.context.scope.GenericScope     : BeanFactory id=fd42ed55-31d3-3e6c-bf9c-5a33cb757524
09:57:54:851  INFO 31288 --- [main] o.s.b.w.embedded.tomcat.TomcatWebServer  : Tomcat initialized with port(s): 8082 (http)
09:57:54:860  INFO 31288 --- [main] o.apache.catalina.core.StandardService   : Starting service [Tomcat]
09:57:54:860  INFO 31288 --- [main] org.apache.catalina.core.StandardEngine  : Starting Servlet engine: [Apache Tomcat/9.0.75]
09:57:55:036  INFO 31288 --- [main] o.a.c.c.C.[Tomcat].[localhost].[/]       : Initializing Spring embedded WebApplicationContext
09:57:55:036  INFO 31288 --- [main] w.s.c.ServletWebServerApplicationContext : Root WebApplicationContext: initialization completed in 1404 ms
09:57:55:211  INFO 31288 --- [main] o.s.c.openfeign.FeignClientFactoryBean   : For 'item-service' URL not provided. Will try picking an instance via load-balancing.
09:57:56:276  INFO 31288 --- [main] pertySourcedRequestMappingHandlerMapping : Mapped URL path [/v2/api-docs] onto method [springfox.documentation.swagger2.web.Swagger2ControllerWebMvc#getDocumentation(String, HttpServletRequest)]
09:57:56:659  INFO 31288 --- [main] com.alibaba.nacos.common.remote.client   : [RpcClientFactory] create a new rpc client of 6f4bbd40-e5bb-4a21-bd94-f1b8904b7639
09:57:56:712  INFO 31288 --- [main] org.reflections.Reflections              : Reflections took 23 ms to scan 1 urls, producing 3 keys and 6 values 
09:57:56:731  INFO 31288 --- [main] org.reflections.Reflections              : Reflections took 6 ms to scan 1 urls, producing 4 keys and 9 values 
09:57:56:738  INFO 31288 --- [main] org.reflections.Reflections              : Reflections took 5 ms to scan 1 urls, producing 3 keys and 10 values 
09:57:56:739  WARN 31288 --- [main] org.reflections.Reflections              : given scan urls are empty. set urls in the configuration
09:57:56:745  INFO 31288 --- [main] org.reflections.Reflections              : Reflections took 4 ms to scan 1 urls, producing 1 keys and 5 values 
09:57:56:753  INFO 31288 --- [main] org.reflections.Reflections              : Reflections took 7 ms to scan 1 urls, producing 1 keys and 7 values 
09:57:56:761  INFO 31288 --- [main] org.reflections.Reflections              : Reflections took 5 ms to scan 1 urls, producing 2 keys and 8 values 
09:57:56:762  WARN 31288 --- [main] org.reflections.Reflections              : given scan urls are empty. set urls in the configuration
09:57:56:762  INFO 31288 --- [main] com.alibaba.nacos.common.remote.client   : [6f4bbd40-e5bb-4a21-bd94-f1b8904b7639] RpcClient init label, labels = {module=naming, source=sdk}
09:57:56:764  INFO 31288 --- [main] com.alibaba.nacos.common.remote.client   : [6f4bbd40-e5bb-4a21-bd94-f1b8904b7639] RpcClient init, ServerListFactory = com.alibaba.nacos.client.naming.core.ServerListManager
09:57:56:764  INFO 31288 --- [main] com.alibaba.nacos.common.remote.client   : [6f4bbd40-e5bb-4a21-bd94-f1b8904b7639] Registry connection listener to current client:com.alibaba.nacos.client.naming.remote.gprc.redo.NamingGrpcRedoService
09:57:56:764  INFO 31288 --- [main] com.alibaba.nacos.common.remote.client   : [6f4bbd40-e5bb-4a21-bd94-f1b8904b7639] Register server push request handler:com.alibaba.nacos.client.naming.remote.gprc.NamingPushRequestHandler
09:57:56:765  INFO 31288 --- [main] com.alibaba.nacos.common.remote.client   : [6f4bbd40-e5bb-4a21-bd94-f1b8904b7639] Try to connect to server on start up, server: {serverIp = '192.168.150.101', server main port = 8848}
09:57:57:739  INFO 31288 --- [main] com.alibaba.nacos.common.remote.client   : [6f4bbd40-e5bb-4a21-bd94-f1b8904b7639] Success to connect to server [192.168.150.101:8848] on start up, connectionId = 1788832676227_172.17.0.1_38220
09:57:57:739  INFO 31288 --- [com.alibaba.nacos.client.remote.worker] com.alibaba.nacos.common.remote.client   : [6f4bbd40-e5bb-4a21-bd94-f1b8904b7639] Notify connected event to listeners.
09:57:57:739  INFO 31288 --- [main] com.alibaba.nacos.common.remote.client   : [6f4bbd40-e5bb-4a21-bd94-f1b8904b7639] Register server push request handler:com.alibaba.nacos.common.remote.client.RpcClient$ConnectResetRequestHandler
09:57:57:739  INFO 31288 --- [main] com.alibaba.nacos.common.remote.client   : [6f4bbd40-e5bb-4a21-bd94-f1b8904b7639] Register server push request handler:com.alibaba.nacos.common.remote.client.RpcClient$$Lambda$991/0x00000169017c7b80
09:57:57:803  INFO 31288 --- [main] o.s.b.w.embedded.tomcat.TomcatWebServer  : Tomcat started on port(s): 8082 (http) with context path ''
09:57:57:825  INFO 31288 --- [main] c.a.c.n.registry.NacosServiceRegistry    : nacos registry, DEFAULT_GROUP cart-service 192.168.200.1:8082 register finished
09:57:58:046  INFO 31288 --- [main] d.s.w.p.DocumentationPluginsBootstrapper : Documentation plugins bootstrapped
09:57:58:049  INFO 31288 --- [main] d.s.w.p.DocumentationPluginsBootstrapper : Found 1 custom documentation plugin(s)
09:57:58:068  INFO 31288 --- [main] s.d.s.w.s.ApiListingReferenceScanner     : Scanning for api listing references
09:57:58:146  INFO 31288 --- [main] com.hmall.cart.CartApplication           : Started CartApplication in 5.166 seconds (JVM running for 5.858)
09:57:58:318  INFO 31288 --- [nacos-grpc-client-executor-9] com.alibaba.nacos.common.remote.client   : [6f4bbd40-e5bb-4a21-bd94-f1b8904b7639] Receive server push request, request = NotifySubscriberRequest, requestId = 28
09:57:58:321  INFO 31288 --- [nacos-grpc-client-executor-9] com.alibaba.nacos.common.remote.client   : [6f4bbd40-e5bb-4a21-bd94-f1b8904b7639] Ack server push request, request = NotifySubscriberRequest, requestId = 28
